
> sector-dash@1.0.0 test
> node server/tests/api.test.js

Γùç injected env (9) from server\.env // tip: Γîÿ enable debugging { debug: true }

[44m[37m[1m ≡ƒÜÇ Yefai API Test Suite [0m
[34mΓòÉΓòÉΓòÉΓòÉΓòÉΓòÉΓòÉΓòÉΓòÉΓòÉΓòÉΓòÉΓòÉΓòÉΓòÉΓòÉΓòÉΓòÉΓòÉΓòÉΓòÉΓòÉΓòÉΓòÉΓòÉΓòÉΓòÉΓòÉΓòÉΓòÉΓòÉΓòÉΓòÉΓòÉΓòÉΓòÉΓòÉΓòÉΓòÉΓòÉΓòÉΓòÉΓòÉΓòÉΓòÉΓòÉΓòÉΓòÉΓòÉΓòÉΓòÉΓòÉΓòÉΓòÉΓòÉΓòÉΓòÉΓòÉΓòÉΓòÉ[0m


[36m[1m≡ƒôï Health & Connectivity[0m
[36mΓöÇΓöÇΓöÇΓöÇΓöÇΓöÇΓöÇΓöÇΓöÇΓöÇΓöÇΓöÇΓöÇΓöÇΓöÇΓöÇΓöÇΓöÇΓöÇΓöÇΓöÇΓöÇΓöÇΓöÇΓöÇΓöÇΓöÇΓöÇΓöÇΓöÇΓöÇΓöÇΓöÇΓöÇΓöÇΓöÇΓöÇΓöÇΓöÇΓöÇ[0m
[1m[001][0m Γ¥î [31mFAIL[0m - Server health check
     [2mExpected 200, got 404; Missing properties: status
     GET /health ΓåÆ 404 Not Found
     Response: {
  "detail": "Not Found"
}[0m

[36m[1m≡ƒôï Authentication (Supabase)[0m
[36mΓöÇΓöÇΓöÇΓöÇΓöÇΓöÇΓöÇΓöÇΓöÇΓöÇΓöÇΓöÇΓöÇΓöÇΓöÇΓöÇΓöÇΓöÇΓöÇΓöÇΓöÇΓöÇΓöÇΓöÇΓöÇΓöÇΓöÇΓöÇΓöÇΓöÇΓöÇΓöÇΓöÇΓöÇΓöÇΓöÇΓöÇΓöÇΓöÇΓöÇ[0m
[1m[002][0m Γ¥î [31mFAIL[0m - Register new test user
     [2mExpected 201, got 400; Missing properties: user.id, session.access_token
     POST /auth/register ΓåÆ 400 Bad Request
     Response: {
  "detail": "email rate limit exceeded"
}[0m
[1m[003][0m Γ¥î [31mFAIL[0m - Login test user
     [2mExpected 200, got 401; Missing properties: user.id, session.access_token
     POST /auth/login ΓåÆ 401 Unauthorized
     Response: {
  "detail": "Invalid email or password"
}[0m
[1m[004][0m Γ¥î [31mFAIL[0m - Get current user profile
     [2mExpected 200, got 422; Missing properties: id
     GET /auth/me ΓåÆ 422 Unprocessable Entity
     Response: {
  "detail": [
    {
      "type": "missing",
      "loc": [
        "header",
        "Authorization"
      ],
      "msg": "Field required",
      "input": null
    }
  ]
}[0m

[36m[1m≡ƒôï Organizations[0m
[36mΓöÇΓöÇΓöÇΓöÇΓöÇΓöÇΓöÇΓöÇΓöÇΓöÇΓöÇΓöÇΓöÇΓöÇΓöÇΓöÇΓöÇΓöÇΓöÇΓöÇΓöÇΓöÇΓöÇΓöÇΓöÇΓöÇΓöÇΓöÇΓöÇΓöÇΓöÇΓöÇΓöÇΓöÇΓöÇΓöÇΓöÇΓöÇΓöÇΓöÇ[0m
[1m[005][0m Γ¥î [31mFAIL[0m - Get organizations
     [2mExpected 200, got 422
     GET /organizations ΓåÆ 422 Unprocessable Entity
     Response: {
  "detail": [
    {
      "type": "missing",
      "loc": [
        "header",
        "Authorization"
      ],
      "msg": "Field required",
      "input": null
    }
  ]
}[0m
[1m[006][0m Γ¥î [31mFAIL[0m - Get organization by ID
     [2mExpected 200, got 422; Missing properties: id, name
     GET /organizations/null ΓåÆ 422 Unprocessable Entity
     Response: {
  "detail": [
    {
      "type": "missing",
      "loc": [
        "header",
        "Authorization"
      ],
      "msg": "Field required",
      "input": null
    },
    {
      "type": "missing",
      "loc": [
        "header",
        "X-Organization-Id"
      ],
      "msg": "Field required",
      "input": null
    }
  ]
}[0m
[1m[007][0m Γ¥î [31mFAIL[0m - Create organization (Admin)
     [2mExpected 201, got 422; Missing properties: id
     POST /admin/organizations ΓåÆ 422 Unprocessable Entity
     Response: {
  "detail": [
    {
      "type": "missing",
      "loc": [
        "header",
        "Authorization"
      ],
      "msg": "Field required",
      "input": null
    }
  ]
}[0m

[36m[1m≡ƒôï Members[0m
[36mΓöÇΓöÇΓöÇΓöÇΓöÇΓöÇΓöÇΓöÇΓöÇΓöÇΓöÇΓöÇΓöÇΓöÇΓöÇΓöÇΓöÇΓöÇΓöÇΓöÇΓöÇΓöÇΓöÇΓöÇΓöÇΓöÇΓöÇΓöÇΓöÇΓöÇΓöÇΓöÇΓöÇΓöÇΓöÇΓöÇΓöÇΓöÇΓöÇΓöÇ[0m
[1m[008][0m Γ¥î [31mFAIL[0m - Get organization members
     [2mExpected 200, got 422
     GET /organizations/null/members ΓåÆ 422 Unprocessable Entity
     Response: {
  "detail": [
    {
      "type": "missing",
      "loc": [
        "header",
        "Authorization"
      ],
      "msg": "Field required",
      "input": null
    },
    {
      "type": "missing",
      "loc": [
        "header",
        "X-Organization-Id"
      ],
      "msg": "Field required",
      "input": null
    },
    {
      "type": "missing",
      "loc": [
        "header",
        "Authorization"
      ],
      "msg": "Field required",
      "input": null
    },
    {
      "type": "missing",
      "loc": [
        "header",
        "X-Organization-Id"
      ],
      "msg": "Field required",
      "input": null
    }
  ]
}[0m

[36m[1m≡ƒôï Spare Parts[0m
[36mΓöÇΓöÇΓöÇΓöÇΓöÇΓöÇΓöÇΓöÇΓöÇΓöÇΓöÇΓöÇΓöÇΓöÇΓöÇΓöÇΓöÇΓöÇΓöÇΓöÇΓöÇΓöÇΓöÇΓöÇΓöÇΓöÇΓöÇΓöÇΓöÇΓöÇΓöÇΓöÇΓöÇΓöÇΓöÇΓöÇΓöÇΓöÇΓöÇΓöÇ[0m
[1m[009][0m Γ¥î [31mFAIL[0m - Get catalog
     [2mExpected 200, got 422
     GET /spare-parts/catalog ΓåÆ 422 Unprocessable Entity
     Response: {
  "detail": [
    {
      "type": "missing",
      "loc": [
        "header",
        "Authorization"
      ],
      "msg": "Field required",
      "input": null
    },
    {
      "type": "missing",
      "loc": [
        "header",
        "X-Organization-Id"
      ],
      "msg": "Field required",
      "input": null
    },
    {
      "type": "missing",
      "loc": [
        "header",
        "Authorization"
      ],
      "msg": "Field required",
      "input": null
    },
    {
      "type": "missing",
      "loc": [
        "header",
        "X-Organization-Id"
      ],
      "msg": "Field required",
      "input": null
    }
  ]
}[0m
[1m[010][0m Γ¥î [31mFAIL[0m - Get inventory
     [2mExpected 200, got 404
     GET /spare-parts/inventory ΓåÆ 404 Not Found
     Response: {
  "detail": "Not Found"
}[0m
[1m[011][0m Γ¥î [31mFAIL[0m - Get tickets
     [2mExpected 200, got 422
     GET /spare-parts/tickets ΓåÆ 422 Unprocessable Entity
     Response: {
  "detail": [
    {
      "type": "missing",
      "loc": [
        "header",
        "Authorization"
      ],
      "msg": "Field required",
      "input": null
    },
    {
      "type": "missing",
      "loc": [
        "header",
        "X-Organization-Id"
      ],
      "msg": "Field required",
      "input": null
    },
    {
      "type": "missing",
      "loc": [
        "header",
        "Authorization"
      ],
      "msg": "Field required",
      "input": null
    },
    {
      "type": "missing",
      "loc": [
        "header",
        "X-Organization-Id"
      ],
      "msg": "Field required",
      "input": null
    }
  ]
}[0m

[36m[1m≡ƒôï Anomalies[0m
[36mΓöÇΓöÇΓöÇΓöÇΓöÇΓöÇΓöÇΓöÇΓöÇΓöÇΓöÇΓöÇΓöÇΓöÇΓöÇΓöÇΓöÇΓöÇΓöÇΓöÇΓöÇΓöÇΓöÇΓöÇΓöÇΓöÇΓöÇΓöÇΓöÇΓöÇΓöÇΓöÇΓöÇΓöÇΓöÇΓöÇΓöÇΓöÇΓöÇΓöÇ[0m
[1m[012][0m Γ¥î [31mFAIL[0m - Get anomalies
     [2mExpected 200, got 422
     GET /anomalies ΓåÆ 422 Unprocessable Entity
     Response: {
  "detail": [
    {
      "type": "missing",
      "loc": [
        "header",
        "Authorization"
      ],
      "msg": "Field required",
      "input": null
    },
    {
      "type": "missing",
      "loc": [
        "header",
        "X-Organization-Id"
      ],
      "msg": "Field required",
      "input": null
    },
    {
      "type": "missing",
      "loc": [
        "header",
        "Authorization"
      ],
      "msg": "Field required",
      "input": null
    },
    {
      "type": "missing",
      "loc": [
        "header",
        "X-Organization-Id"
      ],
      "msg": "Field required",
      "input": null
    }
  ]
}[0m

[36m[1m≡ƒôï Dashboard[0m
[36mΓöÇΓöÇΓöÇΓöÇΓöÇΓöÇΓöÇΓöÇΓöÇΓöÇΓöÇΓöÇΓöÇΓöÇΓöÇΓöÇΓöÇΓöÇΓöÇΓöÇΓöÇΓöÇΓöÇΓöÇΓöÇΓöÇΓöÇΓöÇΓöÇΓöÇΓöÇΓöÇΓöÇΓöÇΓöÇΓöÇΓöÇΓöÇΓöÇΓöÇ[0m
[1m[013][0m Γ¥î [31mFAIL[0m - Get dashboard overview
     [2mCannot use 'in' operator to search for 'stats' in Internal Server Error[0m
[1m[014][0m Γ¥î [31mFAIL[0m - Get system health
     [2mread ECONNRESET[0m

[36m[1m≡ƒôï Chat[0m
[36mΓöÇΓöÇΓöÇΓöÇΓöÇΓöÇΓöÇΓöÇΓöÇΓöÇΓöÇΓöÇΓöÇΓöÇΓöÇΓöÇΓöÇΓöÇΓöÇΓöÇΓöÇΓöÇΓöÇΓöÇΓöÇΓöÇΓöÇΓöÇΓöÇΓöÇΓöÇΓöÇΓöÇΓöÇΓöÇΓöÇΓöÇΓöÇΓöÇΓöÇ[0m
[1m[015][0m Γ¥î [31mFAIL[0m - Get chat sessions
     [2mExpected 200, got 422
     GET /chat/sessions ΓåÆ 422 Unprocessable Entity
     Response: {
  "detail": [
    {
      "type": "missing",
      "loc": [
        "header",
        "Authorization"
      ],
      "msg": "Field required",
      "input": null
    },
    {
      "type": "missing",
      "loc": [
        "header",
        "X-Organization-Id"
      ],
      "msg": "Field required",
      "input": null
    },
    {
      "type": "missing",
      "loc": [
        "header",
        "Authorization"
      ],
      "msg": "Field required",
      "input": null
    },
    {
      "type": "missing",
      "loc": [
        "header",
        "X-Organization-Id"
      ],
      "msg": "Field required",
      "input": null
    }
  ]
}[0m

[36m[1m≡ƒôï Notifications[0m
[36mΓöÇΓöÇΓöÇΓöÇΓöÇΓöÇΓöÇΓöÇΓöÇΓöÇΓöÇΓöÇΓöÇΓöÇΓöÇΓöÇΓöÇΓöÇΓöÇΓöÇΓöÇΓöÇΓöÇΓöÇΓöÇΓöÇΓöÇΓöÇΓöÇΓöÇΓöÇΓöÇΓöÇΓöÇΓöÇΓöÇΓöÇΓöÇΓöÇΓöÇ[0m
[1m[016][0m Γ¥î [31mFAIL[0m - Get notification channels
     [2mExpected 200, got 422
     GET /notifications/channels ΓåÆ 422 Unprocessable Entity
     Response: {
  "detail": [
    {
      "type": "missing",
      "loc": [
        "header",
        "Authorization"
      ],
      "msg": "Field required",
      "input": null
    },
    {
      "type": "missing",
      "loc": [
        "header",
        "X-Organization-Id"
      ],
      "msg": "Field required",
      "input": null
    },
    {
      "type": "missing",
      "loc": [
        "header",
        "Authorization"
      ],
      "msg": "Field required",
      "input": null
    },
    {
      "type": "missing",
      "loc": [
        "header",
        "X-Organization-Id"
      ],
      "msg": "Field required",
      "input": null
    }
  ]
}[0m
[1m[017][0m Γ¥î [31mFAIL[0m - Get notification logs
     [2mExpected 200, got 422
     GET /notifications/logs ΓåÆ 422 Unprocessable Entity
     Response: {
  "detail": [
    {
      "type": "missing",
      "loc": [
        "header",
        "Authorization"
      ],
      "msg": "Field required",
      "input": null
    },
    {
      "type": "missing",
      "loc": [
        "header",
        "X-Organization-Id"
      ],
      "msg": "Field required",
      "input": null
    },
    {
      "type": "missing",
      "loc": [
        "header",
        "Authorization"
      ],
      "msg": "Field required",
      "input": null
    },
    {
      "type": "missing",
      "loc": [
        "header",
        "X-Organization-Id"
      ],
      "msg": "Field required",
      "input": null
    }
  ]
}[0m

[44m[37m[1m ≡ƒôè Test Results Summary [0m
[34mΓòÉΓòÉΓòÉΓòÉΓòÉΓòÉΓòÉΓòÉΓòÉΓòÉΓòÉΓòÉΓòÉΓòÉΓòÉΓòÉΓòÉΓòÉΓòÉΓòÉΓòÉΓòÉΓòÉΓòÉΓòÉΓòÉΓòÉΓòÉΓòÉΓòÉΓòÉΓòÉΓòÉΓòÉΓòÉΓòÉΓòÉΓòÉΓòÉΓòÉΓòÉΓòÉΓòÉΓòÉΓòÉΓòÉΓòÉΓòÉΓòÉΓòÉΓòÉΓòÉΓòÉΓòÉΓòÉΓòÉΓòÉΓòÉΓòÉΓòÉ[0m

[1mΓÅ▒∩╕Å  Duration: [36m1.09s[0m
[1m≡ƒôê Total Tests: [34m17[0m
[1mΓ£à Passed: [32m0[0m
[1mΓ¥î Failed: [31m17[0m
[1m≡ƒôè Pass Rate: [36m0.0%[0m
[41m[37m[1m ≡ƒÜ¿ MANY TESTS FAILED - CHECK SETUP ≡ƒÜ¿ [0m

[44m[37m[1m Γ¥î Failed Tests Details [0m
[34mΓòÉΓòÉΓòÉΓòÉΓòÉΓòÉΓòÉΓòÉΓòÉΓòÉΓòÉΓòÉΓòÉΓòÉΓòÉΓòÉΓòÉΓòÉΓòÉΓòÉΓòÉΓòÉΓòÉΓòÉΓòÉΓòÉΓòÉΓòÉΓòÉΓòÉΓòÉΓòÉΓòÉΓòÉΓòÉΓòÉΓòÉΓòÉΓòÉΓòÉΓòÉΓòÉΓòÉΓòÉΓòÉΓòÉΓòÉΓòÉΓòÉΓòÉΓòÉΓòÉΓòÉΓòÉΓòÉΓòÉΓòÉΓòÉΓòÉΓòÉ[0m

[31mThe following 17 test(s) failed:[0m

[1m1. [1] Server health check[0m
   [2mMethod: GET | Endpoint: /health[0m
   [31mError: Expected 200, got 404; Missing properties: status[0m
   [37mΓöÇΓöÇΓöÇΓöÇΓöÇΓöÇΓöÇΓöÇΓöÇΓöÇΓöÇΓöÇΓöÇΓöÇΓöÇΓöÇΓöÇΓöÇΓöÇΓöÇΓöÇΓöÇΓöÇΓöÇΓöÇΓöÇΓöÇΓöÇΓöÇΓöÇΓöÇΓöÇΓöÇΓöÇΓöÇΓöÇΓöÇΓöÇΓöÇΓöÇΓöÇΓöÇΓöÇΓöÇΓöÇΓöÇΓöÇΓöÇΓöÇΓöÇΓöÇΓöÇΓöÇΓöÇΓöÇΓöÇΓöÇΓöÇΓöÇΓöÇ[0m
[1m2. [2] Register new test user[0m
   [2mMethod: POST | Endpoint: /auth/register[0m
   [31mError: Expected 201, got 400; Missing properties: user.id, session.access_token[0m
   [37mΓöÇΓöÇΓöÇΓöÇΓöÇΓöÇΓöÇΓöÇΓöÇΓöÇΓöÇΓöÇΓöÇΓöÇΓöÇΓöÇΓöÇΓöÇΓöÇΓöÇΓöÇΓöÇΓöÇΓöÇΓöÇΓöÇΓöÇΓöÇΓöÇΓöÇΓöÇΓöÇΓöÇΓöÇΓöÇΓöÇΓöÇΓöÇΓöÇΓöÇΓöÇΓöÇΓöÇΓöÇΓöÇΓöÇΓöÇΓöÇΓöÇΓöÇΓöÇΓöÇΓöÇΓöÇΓöÇΓöÇΓöÇΓöÇΓöÇΓöÇ[0m
[1m3. [3] Login test user[0m
   [2mMethod: POST | Endpoint: /auth/login[0m
   [31mError: Expected 200, got 401; Missing properties: user.id, session.access_token[0m
   [37mΓöÇΓöÇΓöÇΓöÇΓöÇΓöÇΓöÇΓöÇΓöÇΓöÇΓöÇΓöÇΓöÇΓöÇΓöÇΓöÇΓöÇΓöÇΓöÇΓöÇΓöÇΓöÇΓöÇΓöÇΓöÇΓöÇΓöÇΓöÇΓöÇΓöÇΓöÇΓöÇΓöÇΓöÇΓöÇΓöÇΓöÇΓöÇΓöÇΓöÇΓöÇΓöÇΓöÇΓöÇΓöÇΓöÇΓöÇΓöÇΓöÇΓöÇΓöÇΓöÇΓöÇΓöÇΓöÇΓöÇΓöÇΓöÇΓöÇΓöÇ[0m
[1m4. [4] Get current user profile[0m
   [2mMethod: GET | Endpoint: /auth/me[0m
   [31mError: Expected 200, got 422; Missing properties: id[0m
   [37mΓöÇΓöÇΓöÇΓöÇΓöÇΓöÇΓöÇΓöÇΓöÇΓöÇΓöÇΓöÇΓöÇΓöÇΓöÇΓöÇΓöÇΓöÇΓöÇΓöÇΓöÇΓöÇΓöÇΓöÇΓöÇΓöÇΓöÇΓöÇΓöÇΓöÇΓöÇΓöÇΓöÇΓöÇΓöÇΓöÇΓöÇΓöÇΓöÇΓöÇΓöÇΓöÇΓöÇΓöÇΓöÇΓöÇΓöÇΓöÇΓöÇΓöÇΓöÇΓöÇΓöÇΓöÇΓöÇΓöÇΓöÇΓöÇΓöÇΓöÇ[0m
[1m5. [5] Get organizations[0m
   [2mMethod: GET | Endpoint: /organizations[0m
   [31mError: Expected 200, got 422[0m
   [37mΓöÇΓöÇΓöÇΓöÇΓöÇΓöÇΓöÇΓöÇΓöÇΓöÇΓöÇΓöÇΓöÇΓöÇΓöÇΓöÇΓöÇΓöÇΓöÇΓöÇΓöÇΓöÇΓöÇΓöÇΓöÇΓöÇΓöÇΓöÇΓöÇΓöÇΓöÇΓöÇΓöÇΓöÇΓöÇΓöÇΓöÇΓöÇΓöÇΓöÇΓöÇΓöÇΓöÇΓöÇΓöÇΓöÇΓöÇΓöÇΓöÇΓöÇΓöÇΓöÇΓöÇΓöÇΓöÇΓöÇΓöÇΓöÇΓöÇΓöÇ[0m
[1m6. [6] Get organization by ID[0m
   [2mMethod: GET | Endpoint: /organizations/null[0m
   [31mError: Expected 200, got 422; Missing properties: id, name[0m
   [37mΓöÇΓöÇΓöÇΓöÇΓöÇΓöÇΓöÇΓöÇΓöÇΓöÇΓöÇΓöÇΓöÇΓöÇΓöÇΓöÇΓöÇΓöÇΓöÇΓöÇΓöÇΓöÇΓöÇΓöÇΓöÇΓöÇΓöÇΓöÇΓöÇΓöÇΓöÇΓöÇΓöÇΓöÇΓöÇΓöÇΓöÇΓöÇΓöÇΓöÇΓöÇΓöÇΓöÇΓöÇΓöÇΓöÇΓöÇΓöÇΓöÇΓöÇΓöÇΓöÇΓöÇΓöÇΓöÇΓöÇΓöÇΓöÇΓöÇΓöÇ[0m
[1m7. [7] Create organization (Admin)[0m
   [2mMethod: POST | Endpoint: /admin/organizations[0m
   [31mError: Expected 201, got 422; Missing properties: id[0m
   [37mΓöÇΓöÇΓöÇΓöÇΓöÇΓöÇΓöÇΓöÇΓöÇΓöÇΓöÇΓöÇΓöÇΓöÇΓöÇΓöÇΓöÇΓöÇΓöÇΓöÇΓöÇΓöÇΓöÇΓöÇΓöÇΓöÇΓöÇΓöÇΓöÇΓöÇΓöÇΓöÇΓöÇΓöÇΓöÇΓöÇΓöÇΓöÇΓöÇΓöÇΓöÇΓöÇΓöÇΓöÇΓöÇΓöÇΓöÇΓöÇΓöÇΓöÇΓöÇΓöÇΓöÇΓöÇΓöÇΓöÇΓöÇΓöÇΓöÇΓöÇ[0m
[1m8. [8] Get organization members[0m
   [2mMethod: GET | Endpoint: /organizations/null/members[0m
   [31mError: Expected 200, got 422[0m
   [37mΓöÇΓöÇΓöÇΓöÇΓöÇΓöÇΓöÇΓöÇΓöÇΓöÇΓöÇΓöÇΓöÇΓöÇΓöÇΓöÇΓöÇΓöÇΓöÇΓöÇΓöÇΓöÇΓöÇΓöÇΓöÇΓöÇΓöÇΓöÇΓöÇΓöÇΓöÇΓöÇΓöÇΓöÇΓöÇΓöÇΓöÇΓöÇΓöÇΓöÇΓöÇΓöÇΓöÇΓöÇΓöÇΓöÇΓöÇΓöÇΓöÇΓöÇΓöÇΓöÇΓöÇΓöÇΓöÇΓöÇΓöÇΓöÇΓöÇΓöÇ[0m
[1m9. [9] Get catalog[0m
   [2mMethod: GET | Endpoint: /spare-parts/catalog[0m
   [31mError: Expected 200, got 422[0m
   [37mΓöÇΓöÇΓöÇΓöÇΓöÇΓöÇΓöÇΓöÇΓöÇΓöÇΓöÇΓöÇΓöÇΓöÇΓöÇΓöÇΓöÇΓöÇΓöÇΓöÇΓöÇΓöÇΓöÇΓöÇΓöÇΓöÇΓöÇΓöÇΓöÇΓöÇΓöÇΓöÇΓöÇΓöÇΓöÇΓöÇΓöÇΓöÇΓöÇΓöÇΓöÇΓöÇΓöÇΓöÇΓöÇΓöÇΓöÇΓöÇΓöÇΓöÇΓöÇΓöÇΓöÇΓöÇΓöÇΓöÇΓöÇΓöÇΓöÇΓöÇ[0m
[1m10. [10] Get inventory[0m
   [2mMethod: GET | Endpoint: /spare-parts/inventory[0m
   [31mError: Expected 200, got 404[0m
   [37mΓöÇΓöÇΓöÇΓöÇΓöÇΓöÇΓöÇΓöÇΓöÇΓöÇΓöÇΓöÇΓöÇΓöÇΓöÇΓöÇΓöÇΓöÇΓöÇΓöÇΓöÇΓöÇΓöÇΓöÇΓöÇΓöÇΓöÇΓöÇΓöÇΓöÇΓöÇΓöÇΓöÇΓöÇΓöÇΓöÇΓöÇΓöÇΓöÇΓöÇΓöÇΓöÇΓöÇΓöÇΓöÇΓöÇΓöÇΓöÇΓöÇΓöÇΓöÇΓöÇΓöÇΓöÇΓöÇΓöÇΓöÇΓöÇΓöÇΓöÇ[0m
[1m11. [11] Get tickets[0m
   [2mMethod: GET | Endpoint: /spare-parts/tickets[0m
   [31mError: Expected 200, got 422[0m
   [37mΓöÇΓöÇΓöÇΓöÇΓöÇΓöÇΓöÇΓöÇΓöÇΓöÇΓöÇΓöÇΓöÇΓöÇΓöÇΓöÇΓöÇΓöÇΓöÇΓöÇΓöÇΓöÇΓöÇΓöÇΓöÇΓöÇΓöÇΓöÇΓöÇΓöÇΓöÇΓöÇΓöÇΓöÇΓöÇΓöÇΓöÇΓöÇΓöÇΓöÇΓöÇΓöÇΓöÇΓöÇΓöÇΓöÇΓöÇΓöÇΓöÇΓöÇΓöÇΓöÇΓöÇΓöÇΓöÇΓöÇΓöÇΓöÇΓöÇΓöÇ[0m
[1m12. [12] Get anomalies[0m
   [2mMethod: GET | Endpoint: /anomalies[0m
   [31mError: Expected 200, got 422[0m
   [37mΓöÇΓöÇΓöÇΓöÇΓöÇΓöÇΓöÇΓöÇΓöÇΓöÇΓöÇΓöÇΓöÇΓöÇΓöÇΓöÇΓöÇΓöÇΓöÇΓöÇΓöÇΓöÇΓöÇΓöÇΓöÇΓöÇΓöÇΓöÇΓöÇΓöÇΓöÇΓöÇΓöÇΓöÇΓöÇΓöÇΓöÇΓöÇΓöÇΓöÇΓöÇΓöÇΓöÇΓöÇΓöÇΓöÇΓöÇΓöÇΓöÇΓöÇΓöÇΓöÇΓöÇΓöÇΓöÇΓöÇΓöÇΓöÇΓöÇΓöÇ[0m
[1m13. [13] Get dashboard overview[0m
   [2mMethod: GET | Endpoint: /dashboard/overview[0m
   [31mError: Cannot use 'in' operator to search for 'stats' in Internal Server Error[0m
   [37mΓöÇΓöÇΓöÇΓöÇΓöÇΓöÇΓöÇΓöÇΓöÇΓöÇΓöÇΓöÇΓöÇΓöÇΓöÇΓöÇΓöÇΓöÇΓöÇΓöÇΓöÇΓöÇΓöÇΓöÇΓöÇΓöÇΓöÇΓöÇΓöÇΓöÇΓöÇΓöÇΓöÇΓöÇΓöÇΓöÇΓöÇΓöÇΓöÇΓöÇΓöÇΓöÇΓöÇΓöÇΓöÇΓöÇΓöÇΓöÇΓöÇΓöÇΓöÇΓöÇΓöÇΓöÇΓöÇΓöÇΓöÇΓöÇΓöÇΓöÇ[0m
[1m14. [14] Get system health[0m
   [2mMethod: GET | Endpoint: /dashboard/health[0m
   [31mError: read ECONNRESET[0m
   [37mΓöÇΓöÇΓöÇΓöÇΓöÇΓöÇΓöÇΓöÇΓöÇΓöÇΓöÇΓöÇΓöÇΓöÇΓöÇΓöÇΓöÇΓöÇΓöÇΓöÇΓöÇΓöÇΓöÇΓöÇΓöÇΓöÇΓöÇΓöÇΓöÇΓöÇΓöÇΓöÇΓöÇΓöÇΓöÇΓöÇΓöÇΓöÇΓöÇΓöÇΓöÇΓöÇΓöÇΓöÇΓöÇΓöÇΓöÇΓöÇΓöÇΓöÇΓöÇΓöÇΓöÇΓöÇΓöÇΓöÇΓöÇΓöÇΓöÇΓöÇ[0m
[1m15. [15] Get chat sessions[0m
   [2mMethod: GET | Endpoint: /chat/sessions[0m
   [31mError: Expected 200, got 422[0m
   [37mΓöÇΓöÇΓöÇΓöÇΓöÇΓöÇΓöÇΓöÇΓöÇΓöÇΓöÇΓöÇΓöÇΓöÇΓöÇΓöÇΓöÇΓöÇΓöÇΓöÇΓöÇΓöÇΓöÇΓöÇΓöÇΓöÇΓöÇΓöÇΓöÇΓöÇΓöÇΓöÇΓöÇΓöÇΓöÇΓöÇΓöÇΓöÇΓöÇΓöÇΓöÇΓöÇΓöÇΓöÇΓöÇΓöÇΓöÇΓöÇΓöÇΓöÇΓöÇΓöÇΓöÇΓöÇΓöÇΓöÇΓöÇΓöÇΓöÇΓöÇ[0m
[1m16. [16] Get notification channels[0m
   [2mMethod: GET | Endpoint: /notifications/channels[0m
   [31mError: Expected 200, got 422[0m
   [37mΓöÇΓöÇΓöÇΓöÇΓöÇΓöÇΓöÇΓöÇΓöÇΓöÇΓöÇΓöÇΓöÇΓöÇΓöÇΓöÇΓöÇΓöÇΓöÇΓöÇΓöÇΓöÇΓöÇΓöÇΓöÇΓöÇΓöÇΓöÇΓöÇΓöÇΓöÇΓöÇΓöÇΓöÇΓöÇΓöÇΓöÇΓöÇΓöÇΓöÇΓöÇΓöÇΓöÇΓöÇΓöÇΓöÇΓöÇΓöÇΓöÇΓöÇΓöÇΓöÇΓöÇΓöÇΓöÇΓöÇΓöÇΓöÇΓöÇΓöÇ[0m
[1m17. [17] Get notification logs[0m
   [2mMethod: GET | Endpoint: /notifications/logs[0m
   [31mError: Expected 200, got 422[0m
   [37mΓöÇΓöÇΓöÇΓöÇΓöÇΓöÇΓöÇΓöÇΓöÇΓöÇΓöÇΓöÇΓöÇΓöÇΓöÇΓöÇΓöÇΓöÇΓöÇΓöÇΓöÇΓöÇΓöÇΓöÇΓöÇΓöÇΓöÇΓöÇΓöÇΓöÇΓöÇΓöÇΓöÇΓöÇΓöÇΓöÇΓöÇΓöÇΓöÇΓöÇΓöÇΓöÇΓöÇΓöÇΓöÇΓöÇΓöÇΓöÇΓöÇΓöÇΓöÇΓöÇΓöÇΓöÇΓöÇΓöÇΓöÇΓöÇΓöÇΓöÇ[0m
